// Vitest Snapshot v1, https://vitest.dev/guide/snapshot.html

exports[`6차 전투 스킬 상세 원문 > freezes the legacy combat skills that still use automatic-only detail 1`] = `
[
  "v2c_acolyte_mana",
  "v2c_acolyte_smite",
  "v2c_adamantmonk_body",
  "v2c_adamantmonk_stance",
  "v2c_arcanist_burst",
  "v2c_arcanist_magicdismantle2",
  "v2c_arcanist_theory",
  "v2c_archbishop_grace",
  "v2c_archbishop_sanctuary",
  "v2c_archer_agility",
  "v2c_archer_volley",
  "v2c_archshaman_curse",
  "v2c_archshaman_rite",
  "v2c_assassin_ambush",
  "v2c_assassin_fortune",
  "v2c_battlemonk_counter",
  "v2c_battlemonk_ironbody",
  "v2c_beastkin_bloodscent",
  "v2c_beastkin_clawflurry",
  "v2c_beastkin_rend",
  "v2c_beastwarrior_keenscent",
  "v2c_beastwarrior_reopen",
  "v2c_berserker_bloodslash",
  "v2c_berserker_madness3",
  "v2c_bishop_blessing3",
  "v2c_bishop_heal",
  "v2c_bloodlord_brand",
  "v2c_bloodlord_martyrdom",
  "v2c_bloodtemplar_martyr",
  "v2c_bloodtemplar_stigma",
  "v2c_bloodtracker_reading",
  "v2c_bloodtracker_trailslash",
  "v2c_boxer_combo",
  "v2c_boxer_fortitude",
  "v2c_brawler_combo",
  "v2c_brawler_fortitude3",
  "v2c_calamitycaller_brand",
  "v2c_calamitycaller_omen",
  "v2c_camper_camp",
  "v2c_camper_ration",
  "v2c_caster_acumen",
  "v2c_caster_bolt",
  "v2c_chief_afterimage",
  "v2c_chief_strike",
  "v2c_contender_insight",
  "v2c_contender_precision",
  "v2c_crimsontemplar_judgment",
  "v2c_crimsontemplar_oath",
  "v2c_crusader_judgment",
  "v2c_crusader_oath",
  "v2c_cryomancer_absolutezero",
  "v2c_cryomancer_freezingpoint",
  "v2c_darkpriest_blessing",
  "v2c_darkpriest_reap",
  "v2c_dragonfist_footwork",
  "v2c_dragonfist_formationbreak2",
  "v2c_dragonfist_rupture",
  "v2c_duelist_balance",
  "v2c_duelist_declaration",
  "v2c_earthmage_bedrock",
  "v2c_earthmage_tectonic",
  "v2c_elementallord_resonance",
  "v2c_elementallord_surge",
  "v2c_extremesurvivor_adaptation",
  "v2c_extremesurvivor_struggle",
  "v2c_fieldmedic_training",
  "v2c_fieldmedic_treatment",
  "v2c_firemage_ember",
  "v2c_firemage_inferno",
  "v2c_frostmage_frozenheart",
  "v2c_frostmage_glacier",
  "v2c_golem_rocksmash",
  "v2c_golem_stoneskin",
  "v2c_golem_tectoniccollapse",
  "v2c_grandwarder_eightgate",
  "v2c_grandwarder_tripleward",
  "v2c_guardian_bash",
  "v2c_guardian_bulwark3",
  "v2c_immortal_heart",
  "v2c_immortal_lifestrike",
  "v2c_inscriber_amplification",
  "v2c_inscriber_release",
  "v2c_ironknight_guard",
  "v2c_ironknight_wall",
  "v2c_ironman_body",
  "v2c_ironman_brace",
  "v2c_lightningmage_overcharge",
  "v2c_lightningmage_thunderbolt",
  "v2c_mage_acumen",
  "v2c_mage_boltcast",
  "v2c_mage_meditate",
  "v2c_magus_acumen3",
  "v2c_magus_bolt",
  "v2c_marksman_aim",
  "v2c_marksman_shot",
  "v2c_martial_fortitude",
  "v2c_martial_steelguard",
  "v2c_monk_palm",
  "v2c_monk_spirit",
  "v2c_mutant_adaptation",
  "v2c_mutant_morphstrike",
  "v2c_nightshade_cloak",
  "v2c_nightshade_eclipse",
  "v2c_nightshade_weakpoint2",
  "v2c_none_diligence",
  "v2c_none_toughness",
  "v2c_overlord_ruin",
  "v2c_overlord_throne",
  "v2c_paladin_cleave",
  "v2c_paladin_might3",
  "v2c_phantom_ambush",
  "v2c_phantom_stealth",
  "v2c_phantom_weakpoint",
  "v2c_plaguebringer_decay",
  "v2c_plaguebringer_outbreak",
  "v2c_plaguebringer_virulence4",
  "v2c_predator_bloodnourishment",
  "v2c_predator_devour",
  "v2c_ranger_ambush",
  "v2c_ranger_finesse3",
  "v2c_rescueexpert_rescue",
  "v2c_rescueexpert_support",
  "v2c_returner_survive",
  "v2c_returner_undying",
  "v2c_ritualist_guardingarray",
  "v2c_ritualist_wardcraft",
  "v2c_rogue_finesse",
  "v2c_rogue_poison",
  "v2c_runecaster_circuit",
  "v2c_runecaster_grandsigil",
  "v2c_runeknight_carve",
  "v2c_runeknight_inscription",
  "v2c_sage_bolt",
  "v2c_sage_insight",
  "v2c_sage_magicdismantle",
  "v2c_saint_benediction",
  "v2c_saint_miracle",
  "v2c_sensei_combo",
  "v2c_sensei_formationbreak",
  "v2c_sensei_ironbody",
  "v2c_shadow_assassinate",
  "v2c_shadow_lethality3",
  "v2c_shadow_shadowstep",
  "v2c_shaman_hex",
  "v2c_shaman_omen3",
  "v2c_shieldman_bash",
  "v2c_shieldman_vitality",
  "v2c_spellblade_strike",
  "v2c_spellblade_unity",
  "v2c_spellsealer_greatward",
  "v2c_spellsealer_sealingfield",
  "v2c_squire_cleave",
  "v2c_squire_might",
  "v2c_survivor_firstaid",
  "v2c_survivor_knowledge",
  "v2c_swordmaster_armorinsight2",
  "v2c_swordmaster_cut",
  "v2c_swordmaster_focus",
  "v2c_templar_aegis",
  "v2c_templar_smite",
  "v2c_tracker_instinct",
  "v2c_tracker_pounce",
  "v2c_transcendent_harmony",
  "v2c_transcendent_mandala",
  "v2c_undefeated_momentum",
  "v2c_undefeated_rhythm",
  "v2c_venomancer_corrosion3",
  "v2c_venomancer_miasma",
  "v2c_venomancer_virulence2",
  "v2c_venomist_corrosion",
  "v2c_venomist_toxiccloud",
  "v2c_venomist_virulence",
  "v2c_venomlord_plague",
  "v2c_venomlord_sovereign",
  "v2c_venomlord_virulence3",
  "v2c_veteran_armorinsight",
  "v2c_veteran_cleave",
  "v2c_veteran_lethal",
  "v2c_warden_aegis",
  "v2c_warden_thorns",
  "v2c_warder_barrier",
  "v2c_warder_ward",
  "v2c_warlord_bloodbath",
  "v2c_warlord_slaughter",
  "v2c_warmonk_evasion3",
  "v2c_warmonk_kick",
  "v2c_warrior_might",
  "v2c_warrior_strike",
  "v2c_windmage_flow",
  "v2c_windmage_tempest",
]
`;
